Archive member included to satisfy reference by file (symbol)

c:/siliconlabs/simplicitystudio/v5/developer/toolchains/gnu_arm/12.2.rel1_2023.7/bin/../lib/gcc/arm-none-eabi/12.2.1/thumb/v7-m/nofp\libc_nano.a(libc_a-exit.o)
                              c:/siliconlabs/simplicitystudio/v5/developer/toolchains/gnu_arm/12.2.rel1_2023.7/bin/../lib/gcc/arm-none-eabi/12.2.1/thumb/v7-m/nofp/crt0.o (exit)
c:/siliconlabs/simplicitystudio/v5/developer/toolchains/gnu_arm/12.2.rel1_2023.7/bin/../lib/gcc/arm-none-eabi/12.2.1/thumb/v7-m/nofp\libc_nano.a(libc_a-findfp.o)
                              c:/siliconlabs/simplicitystudio/v5/developer/toolchains/gnu_arm/12.2.rel1_2023.7/bin/../lib/gcc/arm-none-eabi/12.2.1/thumb/v7-m/nofp\libc_nano.a(libc_a-exit.o) (__stdio_exit_handler)
c:/siliconlabs/simplicitystudio/v5/developer/toolchains/gnu_arm/12.2.rel1_2023.7/bin/../lib/gcc/arm-none-eabi/12.2.1/thumb/v7-m/nofp\libc_nano.a(libc_a-fwalk.o)
                              c:/siliconlabs/simplicitystudio/v5/developer/toolchains/gnu_arm/12.2.rel1_2023.7/bin/../lib/gcc/arm-none-eabi/12.2.1/thumb/v7-m/nofp\libc_nano.a(libc_a-findfp.o) (_fwalk_sglue)
c:/siliconlabs/simplicitystudio/v5/developer/toolchains/gnu_arm/12.2.rel1_2023.7/bin/../lib/gcc/arm-none-eabi/12.2.1/thumb/v7-m/nofp\libc_nano.a(libc_a-stdio.o)
                              c:/siliconlabs/simplicitystudio/v5/developer/toolchains/gnu_arm/12.2.rel1_2023.7/bin/../lib/gcc/arm-none-eabi/12.2.1/thumb/v7-m/nofp\libc_nano.a(libc_a-findfp.o) (__sread)
c:/siliconlabs/simplicitystudio/v5/developer/toolchains/gnu_arm/12.2.rel1_2023.7/bin/../lib/gcc/arm-none-eabi/12.2.1/thumb/v7-m/nofp\libc_nano.a(libc_a-memset.o)
                              c:/siliconlabs/simplicitystudio/v5/developer/toolchains/gnu_arm/12.2.rel1_2023.7/bin/../lib/gcc/arm-none-eabi/12.2.1/thumb/v7-m/nofp/crt0.o (memset)
c:/siliconlabs/simplicitystudio/v5/developer/toolchains/gnu_arm/12.2.rel1_2023.7/bin/../lib/gcc/arm-none-eabi/12.2.1/thumb/v7-m/nofp\libc_nano.a(libc_a-closer.o)
                              c:/siliconlabs/simplicitystudio/v5/developer/toolchains/gnu_arm/12.2.rel1_2023.7/bin/../lib/gcc/arm-none-eabi/12.2.1/thumb/v7-m/nofp\libc_nano.a(libc_a-stdio.o) (_close_r)
c:/siliconlabs/simplicitystudio/v5/developer/toolchains/gnu_arm/12.2.rel1_2023.7/bin/../lib/gcc/arm-none-eabi/12.2.1/thumb/v7-m/nofp\libc_nano.a(libc_a-reent.o)
                              c:/siliconlabs/simplicitystudio/v5/developer/toolchains/gnu_arm/12.2.rel1_2023.7/bin/../lib/gcc/arm-none-eabi/12.2.1/thumb/v7-m/nofp\libc_nano.a(libc_a-closer.o) (errno)
c:/siliconlabs/simplicitystudio/v5/developer/toolchains/gnu_arm/12.2.rel1_2023.7/bin/../lib/gcc/arm-none-eabi/12.2.1/thumb/v7-m/nofp\libc_nano.a(libc_a-impure.o)
                              c:/siliconlabs/simplicitystudio/v5/developer/toolchains/gnu_arm/12.2.rel1_2023.7/bin/../lib/gcc/arm-none-eabi/12.2.1/thumb/v7-m/nofp\libc_nano.a(libc_a-reent.o) (_impure_ptr)
c:/siliconlabs/simplicitystudio/v5/developer/toolchains/gnu_arm/12.2.rel1_2023.7/bin/../lib/gcc/arm-none-eabi/12.2.1/thumb/v7-m/nofp\libc_nano.a(libc_a-lseekr.o)
                              c:/siliconlabs/simplicitystudio/v5/developer/toolchains/gnu_arm/12.2.rel1_2023.7/bin/../lib/gcc/arm-none-eabi/12.2.1/thumb/v7-m/nofp\libc_nano.a(libc_a-stdio.o) (_lseek_r)
c:/siliconlabs/simplicitystudio/v5/developer/toolchains/gnu_arm/12.2.rel1_2023.7/bin/../lib/gcc/arm-none-eabi/12.2.1/thumb/v7-m/nofp\libc_nano.a(libc_a-readr.o)
                              c:/siliconlabs/simplicitystudio/v5/developer/toolchains/gnu_arm/12.2.rel1_2023.7/bin/../lib/gcc/arm-none-eabi/12.2.1/thumb/v7-m/nofp\libc_nano.a(libc_a-stdio.o) (_read_r)
c:/siliconlabs/simplicitystudio/v5/developer/toolchains/gnu_arm/12.2.rel1_2023.7/bin/../lib/gcc/arm-none-eabi/12.2.1/thumb/v7-m/nofp\libc_nano.a(libc_a-writer.o)
                              c:/siliconlabs/simplicitystudio/v5/developer/toolchains/gnu_arm/12.2.rel1_2023.7/bin/../lib/gcc/arm-none-eabi/12.2.1/thumb/v7-m/nofp\libc_nano.a(libc_a-stdio.o) (_write_r)
c:/siliconlabs/simplicitystudio/v5/developer/toolchains/gnu_arm/12.2.rel1_2023.7/bin/../lib/gcc/arm-none-eabi/12.2.1/thumb/v7-m/nofp\libc_nano.a(libc_a-init.o)
                              c:/siliconlabs/simplicitystudio/v5/developer/toolchains/gnu_arm/12.2.rel1_2023.7/bin/../lib/gcc/arm-none-eabi/12.2.1/thumb/v7-m/nofp/crt0.o (__libc_init_array)
c:/siliconlabs/simplicitystudio/v5/developer/toolchains/gnu_arm/12.2.rel1_2023.7/bin/../lib/gcc/arm-none-eabi/12.2.1/thumb/v7-m/nofp\libc_nano.a(libc_a-lock.o)
                              c:/siliconlabs/simplicitystudio/v5/developer/toolchains/gnu_arm/12.2.rel1_2023.7/bin/../lib/gcc/arm-none-eabi/12.2.1/thumb/v7-m/nofp\libc_nano.a(libc_a-findfp.o) (__retarget_lock_init_recursive)
c:/siliconlabs/simplicitystudio/v5/developer/toolchains/gnu_arm/12.2.rel1_2023.7/bin/../lib/gcc/arm-none-eabi/12.2.1/thumb/v7-m/nofp\libc_nano.a(libc_a-freer.o)
[...]
Memory Configuration

Name             Origin             Length             Attributes
FLASH            0x00000000         0x00040000         xr
RAM              0x20000000         0x00008000         xrw
*default*        0x00000000         0xffffffff

Linker script and memory map

LOAD c:/siliconlabs/simplicitystudio/v5/developer/toolchains/gnu_arm/12.2.rel1_2023.7/bin/../lib/gcc/arm-none-eabi/12.2.1/thumb/v7-m/nofp/crti.o
LOAD c:/siliconlabs/simplicitystudio/v5/developer/toolchains/gnu_arm/12.2.rel1_2023.7/bin/../lib/gcc/arm-none-eabi/12.2.1/thumb/v7-m/nofp/crtbegin.o
LOAD c:/siliconlabs/simplicitystudio/v5/developer/toolchains/gnu_arm/12.2.rel1_2023.7/bin/../lib/gcc/arm-none-eabi/12.2.1/thumb/v7-m/nofp/crt0.o
START GROUP
LOAD ./app.o
LOAD ./main.o
LOAD ./autogen/sl_device_init_clocks.o
LOAD ./autogen/sl_event_handler.o
LOAD ./gecko_sdk_4.4.5/platform/Device/SiliconLabs/EFM32LG/Source/startup_efm32lg.o
LOAD ./gecko_sdk_4.4.5/platform/Device/SiliconLabs/EFM32LG/Source/system_efm32lg.o
LOAD ./gecko_sdk_4.4.5/platform/common/src/sl_assert.o
LOAD ./gecko_sdk_4.4.5/platform/common/src/sl_syscalls.o
LOAD ./gecko_sdk_4.4.5/platform/common/toolchain/src/sl_memory.o
LOAD ./gecko_sdk_4.4.5/platform/emlib/inc/em_adc.o
LOAD ./gecko_sdk_4.4.5/platform/emlib/inc/em_dac.o
LOAD ./gecko_sdk_4.4.5/platform/emlib/inc/em_lcd.o
LOAD ./gecko_sdk_4.4.5/platform/emlib/inc/em_timer.o
LOAD ./gecko_sdk_4.4.5/platform/emlib/inc/em_usart.o
LOAD ./gecko_sdk_4.4.5/platform/emlib/src/em_cmu.o
LOAD ./gecko_sdk_4.4.5/platform/emlib/src/em_core.o
LOAD ./gecko_sdk_4.4.5/platform/emlib/src/em_emu.o
LOAD ./gecko_sdk_4.4.5/platform/emlib/src/em_gpio.o
LOAD ./gecko_sdk_4.4.5/platform/emlib/src/em_msc.o
LOAD ./gecko_sdk_4.4.5/platform/emlib/src/em_system.o
LOAD ./gecko_sdk_4.4.5/platform/service/device_init/src/sl_device_init_emu_s0.o
LOAD ./gecko_sdk_4.4.5/platform/service/device_init/src/sl_device_init_nvic.o
LOAD ./gecko_sdk_4.4.5/platform/service/system/src/sl_system_init.o
LOAD ./gecko_sdk_4.4.5/platform/service/system/src/sl_system_process_action.o
LOAD c:/siliconlabs/simplicitystudio/v5/developer/toolchains/gnu_arm/12.2.rel1_2023.7/bin/../lib/gcc/arm-none-eabi/12.2.1/thumb/v7-m/nofp\libgcc.a
LOAD c:/siliconlabs/simplicitystudio/v5/developer/toolchains/gnu_arm/12.2.rel1_2023.7/bin/../lib/gcc/arm-none-eabi/12.2.1/thumb/v7-m/nofp\libc_nano.a
LOAD c:/siliconlabs/simplicitystudio/v5/developer/toolchains/gnu_arm/12.2.rel1_2023.7/bin/../lib/gcc/arm-none-eabi/12.2.1/thumb/v7-m/nofp\libm.a
LOAD c:/siliconlabs/simplicitystudio/v5/developer/toolchains/gnu_arm/12.2.rel1_2023.7/bin/../lib/gcc/arm-none-eabi/12.2.1/thumb/v7-m/nofp\libnosys.a
END GROUP
START GROUP
LOAD c:/siliconlabs/simplicitystudio/v5/developer/toolchains/gnu_arm/12.2.rel1_2023.7/bin/../lib/gcc/arm-none-eabi/12.2.1/thumb/v7-m/nofp\libgcc.a
LOAD c:/siliconlabs/simplicitystudio/v5/developer/toolchains/gnu_arm/12.2.rel1_2023.7/bin/../lib/gcc/arm-none-eabi/12.2.1/thumb/v7-m/nofp\libc_nano.a
LOAD c:/siliconlabs/simplicitystudio/v5/developer/toolchains/gnu_arm/12.2.rel1_2023.7/bin/../lib/gcc/arm-none-eabi/12.2.1/thumb/v7-m/nofp\libnosys.a
END GROUP
START GROUP
LOAD c:/siliconlabs/simplicitystudio/v5/developer/toolchains/gnu_arm/12.2.rel1_2023.7/bin/../lib/gcc/arm-none-eabi/12.2.1/thumb/v7-m/nofp\libgcc.a
LOAD c:/siliconlabs/simplicitystudio/v5/developer/toolchains/gnu_arm/12.2.rel1_2023.7/bin/../lib/gcc/arm-none-eabi/12.2.1/thumb/v7-m/nofp\libg_nano.a
LOAD c:/siliconlabs/simplicitystudio/v5/developer/toolchains/gnu_arm/12.2.rel1_2023.7/bin/../lib/gcc/arm-none-eabi/12.2.1/thumb/v7-m/nofp\libc_nano.a
END GROUP
START GROUP
LOAD c:/siliconlabs/simplicitystudio/v5/developer/toolchains/gnu_arm/12.2.rel1_2023.7/bin/../lib/gcc/arm-none-eabi/12.2.1/thumb/v7-m/nofp\libgcc.a
LOAD c:/siliconlabs/simplicitystudio/v5/developer/toolchains/gnu_arm/12.2.rel1_2023.7/bin/../lib/gcc/arm-none-eabi/12.2.1/thumb/v7-m/nofp\libc_nano.a
END GROUP
LOAD c:/siliconlabs/simplicitystudio/v5/developer/toolchains/gnu_arm/12.2.rel1_2023.7/bin/../lib/gcc/arm-none-eabi/12.2.1/thumb/v7-m/nofp/crtend.o
LOAD c:/siliconlabs/simplicitystudio/v5/developer/toolchains/gnu_arm/12.2.rel1_2023.7/bin/../lib/gcc/arm-none-eabi/12.2.1/thumb/v7-m/nofp/crtn.o

.text           0x00000000      0xf10
                0x00000000                linker_vectors_begin = .
 *(.vectors)
 .vectors       0x00000000       0xe0 ./gecko_sdk_4.4.5/platform/Device/SiliconLabs/EFM32LG/Source/startup_efm32lg.o
                0x00000000                __Vectors
                0x000000e0                linker_vectors_end = .
                0x000000e0                __Vectors_End = .
                0x000000e0                __Vectors_Size = (__Vectors_End - __Vectors)
                0x000000e0                linker_code_begin = .
 *(SORT_BY_ALIGNMENT(.text*))
 .text.deregister_tm_clones
                0x000000e0       0x1c c:/siliconlabs/simplicitystudio/v5/developer/toolchains/gnu_arm/12.2.rel1_2023.7/bin/../lib/gcc/arm-none-eabi/12.2.1/thumb/v7-m/nofp/crtbegin.o
 .text.register_tm_clones
                0x000000fc       0x24 c:/siliconlabs/simplicitystudio/v5/developer/toolchains/gnu_arm/12.2.rel1_2023.7/bin/../lib/gcc/arm-none-eabi/12.2.1/thumb/v7-m/nofp/crtbegin.o
 .text.__do_global_dtors_aux
                0x00000120       0x28 c:/siliconlabs/simplicitystudio/v5/developer/toolchains/gnu_arm/12.2.rel1_2023.7/bin/../lib/gcc/arm-none-eabi/12.2.1/thumb/v7-m/nofp/crtbegin.o
 .text.frame_dummy
                0x00000148       0x24 c:/siliconlabs/simplicitystudio/v5/developer/toolchains/gnu_arm/12.2.rel1_2023.7/bin/../lib/gcc/arm-none-eabi/12.2.1/thumb/v7-m/nofp/crtbegin.o
 .text          0x0000016c       0x7c c:/siliconlabs/simplicitystudio/v5/developer/toolchains/gnu_arm/12.2.rel1_2023.7/bin/../lib/gcc/arm-none-eabi/12.2.1/thumb/v7-m/nofp/crt0.o
                0x0000016c                _stack_init
                0x00000174                _start
                0x00000174                _mainCRTStartup
 .text.DAC_Setup
                0x000001e8       0x38 ./main.o
                0x000001e8                DAC_Setup
 .text.TIMER_Setup
                0x00000220       0x70 ./main.o
                0x00000220                TIMER_Setup
 .text.TIMER0_IRQHandler
                0x00000290       0x34 ./main.o
                0x00000290                TIMER0_IRQHandler
 .text.startup.main
                0x000002c4       0x60 ./main.o
                0x000002c4                main
 .text.Reset_Handler
                0x00000324       0x60 ./gecko_sdk_4.4.5/platform/Device/SiliconLabs/EFM32LG/Source/startup_efm32lg.o
                0x00000324                Reset_Handler
 .text.SystemHFClockGet
                0x00000384       0xc8 ./gecko_sdk_4.4.5/platform/Device/SiliconLabs/EFM32LG/Source/system_efm32lg.o
                0x00000384                SystemHFClockGet
 .text.SystemCoreClockGet
                0x0000044c       0x20 ./gecko_sdk_4.4.5/platform/Device/SiliconLabs/EFM32LG/Source/system_efm32lg.o
                0x0000044c                SystemCoreClockGet
 .text.SystemInit
                0x0000046c       0x10 ./gecko_sdk_4.4.5/platform/Device/SiliconLabs/EFM32LG/Source/system_efm32lg.o
                0x0000046c                SystemInit
 .text.SystemLFXOClockGet
                0x0000047c        0xc ./gecko_sdk_4.4.5/platform/Device/SiliconLabs/EFM32LG/Source/system_efm32lg.o
                0x0000047c                SystemLFXOClockGet
 .text.DAC_Enable
                0x00000488       0x40 ./gecko_sdk_4.4.5/platform/emlib/inc/em_dac.o
                0x00000488                DAC_Enable
 .text.DAC_Init
                0x000004c8       0x98 ./gecko_sdk_4.4.5/platform/emlib/inc/em_dac.o
                0x000004c8                DAC_Init
 .text.DAC_ChannelOutputSet
                0x00000560       0x48 ./gecko_sdk_4.4.5/platform/emlib/inc/em_dac.o
                0x00000560                DAC_ChannelOutputSet
 .text.TIMER_Valid
                0x000005a8       0x2c ./gecko_sdk_4.4.5/platform/emlib/inc/em_timer.o
 .text.TIMER_Init
                0x000005d4       0x74 ./gecko_sdk_4.4.5/platform/emlib/inc/em_timer.o
                0x000005d4                TIMER_Init
 .text.auxClkGet
                0x00000648       0x90 ./gecko_sdk_4.4.5/platform/emlib/src/em_cmu.o
 .text.syncReg  0x000006d8       0x14 ./gecko_sdk_4.4.5/platform/emlib/src/em_cmu.o
 .text.maxFreqHfle
                0x000006ec       0x64 ./gecko_sdk_4.4.5/platform/emlib/src/em_cmu.o
 .text.setHfLeConfig
                0x00000750       0x40 ./gecko_sdk_4.4.5/platform/emlib/src/em_cmu.o
 .text.CMU_ClockDivGet
                0x00000790       0xe0 ./gecko_sdk_4.4.5/platform/emlib/src/em_cmu.o
                0x00000790                CMU_ClockDivGet
 .text.CMU_ClockEnable
                0x00000870       0x98 ./gecko_sdk_4.4.5/platform/emlib/src/em_cmu.o
                0x00000870                CMU_ClockEnable
 .text.CMU_ClockSelectGet
                0x00000908       0xc8 ./gecko_sdk_4.4.5/platform/emlib/src/em_cmu.o
                0x00000908                CMU_ClockSelectGet
 .text.lfClkGet
                0x000009d0       0xc4 ./gecko_sdk_4.4.5/platform/emlib/src/em_cmu.o
 .text.CMU_ClockFreqGet
                0x00000a94      0x194 ./gecko_sdk_4.4.5/platform/emlib/src/em_cmu.o
                0x00000a94                CMU_ClockFreqGet
 .text.SYSTEM_ChipRevisionGet
                0x00000c28       0x50 ./gecko_sdk_4.4.5/platform/emlib/src/em_system.o
                0x00000c28                SYSTEM_ChipRevisionGet
 .text.SYSTEM_GetProdRev
                0x00000c78       0x10 ./gecko_sdk_4.4.5/platform/emlib/src/em_system.o
                0x00000c78                SYSTEM_GetProdRev
 .text.SYSTEM_GetFamily
                0x00000c88       0x10 ./gecko_sdk_4.4.5/platform/emlib/src/em_system.o
                0x00000c88                SYSTEM_GetFamily
 .text.exit     0x00000c98       0x24 c:/siliconlabs/simplicitystudio/v5/developer/toolchains/gnu_arm/12.2.rel1_2023.7/bin/../lib/gcc/arm-none-eabi/12.2.1/thumb/v7-m/nofp\libc_nano.a(libc_a-exit.o)
                0x00000c98                exit
 .text.__libc_init_array
                0x00000cbc       0x48 c:/siliconlabs/simplicitystudio/v5/developer/toolchains/gnu_arm/12.2.rel1_2023.7/bin/../lib/gcc/arm-none-eabi/12.2.1/thumb/v7-m/nofp\libc_nano.a(libc_a-init.o)
                0x00000cbc                __libc_init_array
 .text.Default_Handler
                0x00000d04        0x2 ./gecko_sdk_4.4.5/platform/Device/SiliconLabs/EFM32LG/Source/startup_efm32lg.o
                0x00000d04                TIMER2_IRQHandler
                0x00000d04                DebugMon_Handler
                0x00000d04                USART0_TX_IRQHandler
                0x00000d04                I2C0_IRQHandler
                0x00000d04                HardFault_Handler
                0x00000d04                LEUART1_IRQHandler
                0x00000d04                SysTick_Handler
                0x00000d04                USART1_RX_IRQHandler
                0x00000d04                PendSV_Handler
                0x00000d04                NMI_Handler
                0x00000d04                I2C1_IRQHandler
                0x00000d04                TIMER3_IRQHandler
                0x00000d04                USART1_TX_IRQHandler
                0x00000d04                MSC_IRQHandler
                0x00000d04                ADC0_IRQHandler
                0x00000d04                UsageFault_Handler
                0x00000d04                LEUART0_IRQHandler
                0x00000d04                GPIO_EVEN_IRQHandler
                0x00000d04                UART0_TX_IRQHandler
                0x00000d04                UART1_TX_IRQHandler
                0x00000d04                RTC_IRQHandler
                0x00000d04                LCD_IRQHandler
                0x00000d04                PCNT2_IRQHandler
                0x00000d04                UART0_RX_IRQHandler
                0x00000d04                LETIMER0_IRQHandler
                0x00000d04                TIMER1_IRQHandler
                0x00000d04                USART2_RX_IRQHandler
                0x00000d04                Default_Handler
                0x00000d04                EMU_IRQHandler
                0x00000d04                PCNT0_IRQHandler
                0x00000d04                sl_app_properties
                0x00000d04                USB_IRQHandler
                0x00000d04                BURTC_IRQHandler
                0x00000d04                PCNT1_IRQHandler
                0x00000d04                ACMP0_IRQHandler
                0x00000d04                USART0_RX_IRQHandler
                0x00000d04                MemManage_Handler
                0x00000d04                SVC_Handler
                0x00000d04                DAC0_IRQHandler
                0x00000d04                UART1_RX_IRQHandler
                0x00000d04                CMU_IRQHandler
                0x00000d04                EBI_IRQHandler
                0x00000d04                GPIO_ODD_IRQHandler
                0x00000d04                LESENSE_IRQHandler
                0x00000d04                AES_IRQHandler
                0x00000d04                VCMP_IRQHandler
                0x00000d04                DMA_IRQHandler
                0x00000d04                BusFault_Handler
                0x00000d04                USART2_TX_IRQHandler
 .text.SystemLFRCOClockGet
                0x00000d06        0x6 ./gecko_sdk_4.4.5/platform/Device/SiliconLabs/EFM32LG/Source/system_efm32lg.o
                0x00000d06                SystemLFRCOClockGet
 .text.SystemULFRCOClockGet
                0x00000d0c        0x6 ./gecko_sdk_4.4.5/platform/Device/SiliconLabs/EFM32LG/Source/system_efm32lg.o
                0x00000d0c                SystemULFRCOClockGet
 .text.assertEFM
                0x00000d12        0x2 ./gecko_sdk_4.4.5/platform/common/src/sl_assert.o
                0x00000d12                assertEFM
 .text._exit    0x00000d14        0x2 ./gecko_sdk_4.4.5/platform/common/src/sl_syscalls.o
                0x00000d14                _exit
 .text.memset   0x00000d16       0x10 c:/siliconlabs/simplicitystudio/v5/developer/toolchains/gnu_arm/12.2.rel1_2023.7/bin/../lib/gcc/arm-none-eabi/12.2.1/thumb/v7-m/nofp\libc_nano.a(libc_a-memset.o)
                0x00000d16                memset
                0x00000d40                . = ALIGN (0x20)
 *fill*         0x00000d26       0x1a 
                0x00000d40                linker_code_end = .
 *(.init)
 .init          0x00000d40        0x4 c:/siliconlabs/simplicitystudio/v5/developer/toolchains/gnu_arm/12.2.rel1_2023.7/bin/../lib/gcc/arm-none-eabi/12.2.1/thumb/v7-m/nofp/crti.o
                0x00000d40                _init
 .init          0x00000d44        0x8 c:/siliconlabs/simplicitystudio/v5/developer/toolchains/gnu_arm/12.2.rel1_2023.7/bin/../lib/gcc/arm-none-eabi/12.2.1/thumb/v7-m/nofp/crtn.o
 *(.fini)
 .fini          0x00000d4c        0x4 c:/siliconlabs/simplicitystudio/v5/developer/toolchains/gnu_arm/12.2.rel1_2023.7/bin/../lib/gcc/arm-none-eabi/12.2.1/thumb/v7-m/nofp/crti.o
                0x00000d4c                _fini
 .fini          0x00000d50        0x8 c:/siliconlabs/simplicitystudio/v5/developer/toolchains/gnu_arm/12.2.rel1_2023.7/bin/../lib/gcc/arm-none-eabi/12.2.1/thumb/v7-m/nofp/crtn.o
 *crtbegin.o(.ctors)
 *crtbegin?.o(.ctors)
 *(EXCLUDE_FILE(*crtend.o *crtend?.o) .ctors)
 *(SORT_BY_NAME(.ctors.*))
 *(.ctors)
 *crtbegin.o(.dtors)
 *crtbegin?.o(.dtors)
 *(EXCLUDE_FILE(*crtend.o *crtend?.o) .dtors)
 *(SORT_BY_NAME(.dtors.*))
 *(.dtors)
                0x00000d58                __code_classification_validator_start__ = .
                0x00000d78                . = (. + 0x20)
 *fill*         0x00000d58       0x20 
 *(code_classification_validator)
                0x00000d80                . = ALIGN (0x20)
 *fill*         0x00000d78        0x8 
                0x00000d80                __code_classification_validator_end__ = .
 *(.rodata*)
 .rodata.TIMER_Setup.str1.1
                0x00000d80       0x4c ./main.o
 .rodata.DAC_Enable.str1.1
                0x00000dcc       0x2f ./gecko_sdk_4.4.5/platform/emlib/inc/em_dac.o
 .rodata.DAC_ChannelOutputSet.str1.1
                0x00000dfb       0x4a ./gecko_sdk_4.4.5/platform/emlib/inc/em_dac.o
 .rodata.TIMER_Init.str1.1
                0x00000e45       0x31 ./gecko_sdk_4.4.5/platform/emlib/inc/em_timer.o
 .rodata.auxClkGet.str1.1
                0x00000e76       0x4a ./gecko_sdk_4.4.5/platform/emlib/src/em_cmu.o
 .rodata.SYSTEM_ChipRevisionGet.str1.1
                0x00000ec0       0x4d ./gecko_sdk_4.4.5/platform/emlib/src/em_system.o
 *(.eh_frame*)
 *fill*         0x00000f0d        0x3 
 .eh_frame      0x00000f10        0x0 c:/siliconlabs/simplicitystudio/v5/developer/toolchains/gnu_arm/12.2.rel1_2023.7/bin/../lib/gcc/arm-none-eabi/12.2.1/thumb/v7-m/nofp/crtbegin.o

.glue_7         0x00000f10        0x0
 .glue_7        0x00000f10        0x0 linker stubs

.glue_7t        0x00000f10        0x0
 .glue_7t       0x00000f10        0x0 linker stubs

.vfp11_veneer   0x00000f10        0x0
 .vfp11_veneer  0x00000f10        0x0 linker stubs

.v4_bx          0x00000f10        0x0
 .v4_bx         0x00000f10        0x0 linker stubs

.iplt           0x00000f10        0x0
 .iplt          0x00000f10        0x0 c:/siliconlabs/simplicitystudio/v5/developer/toolchains/gnu_arm/12.2.rel1_2023.7/bin/../lib/gcc/arm-none-eabi/12.2.1/thumb/v7-m/nofp/crtbegin.o

.ARM.extab
 *(.ARM.extab* .gnu.linkonce.armextab.*)
                0x00000f10                __exidx_start = .

.ARM.exidx      0x00000f10        0x8
 *(.ARM.exidx* .gnu.linkonce.armexidx.*)
 .ARM.exidx     0x00000f10        0x8 c:/siliconlabs/simplicitystudio/v5/developer/toolchains/gnu_arm/12.2.rel1_2023.7/bin/../lib/gcc/arm-none-eabi/12.2.1/thumb/v7-m/nofp/crt0.o
                                 0x10 (size before relaxing)
                0x00000f18                __exidx_end = .

.rel.dyn        0x00000f18        0x0
 .rel.iplt      0x00000f18        0x0 c:/siliconlabs/simplicitystudio/v5/developer/toolchains/gnu_arm/12.2.rel1_2023.7/bin/../lib/gcc/arm-none-eabi/12.2.1/thumb/v7-m/nofp/crtbegin.o

.copy.table     0x00000f18        0xc
                0x00000f18                . = ALIGN (0x4)
                0x00000f18                __copy_table_start__ = .
                0x00000f18        0x4 LONG 0xf24 __etext
                0x00000f1c        0x4 LONG 0x20001000 __data_start__
                0x00000f20        0x4 LONG 0x5 ((__data_end__ - __data_start__) / 0x4)
                0x00000f24                __copy_table_end__ = .

.zero.table     0x00000f24        0x0
                0x00000f24                . = ALIGN (0x4)
                0x00000f24                __zero_table_start__ = .
                0x00000f24                __zero_table_end__ = .
                0x00000f24                __etext = .
                0x20000000                . = ORIGIN (RAM)

.stack          0x20000000     0x1000
                0x20000000                __StackLimit = .
 *(.stack*)
 .stack         0x20000000     0x1000 ./gecko_sdk_4.4.5/platform/common/toolchain/src/sl_memory.o
                0x20001000                . = ALIGN (0x4)
                0x20001000                __StackTop = .
                0x20001000                PROVIDE (__stack = __StackTop)

.noinit
 *(.noinit*)

.data           0x20001000       0x14 load address 0x00000f24
                0x20001000                . = ALIGN (0x4)
                0x20001000                __data_start__ = .
 *(vtable)
 *(SORT_BY_ALIGNMENT(.data*))
 .data.SystemCoreClock
                0x20001000        0x4 ./gecko_sdk_4.4.5/platform/Device/SiliconLabs/EFM32LG/Source/system_efm32lg.o
                0x20001000                SystemCoreClock
 .data.SystemLFXOClock
                0x20001004        0x4 ./gecko_sdk_4.4.5/platform/Device/SiliconLabs/EFM32LG/Source/system_efm32lg.o
 .data.SystemHFXOClock
                0x20001008        0x4 ./gecko_sdk_4.4.5/platform/Device/SiliconLabs/EFM32LG/Source/system_efm32lg.o
                0x2000100c                . = ALIGN (0x4)
                [!provide]                PROVIDE (__ram_func_section_start = .)
 *(.ram)
                [!provide]                PROVIDE (__ram_func_section_end = .)
                0x2000100c                . = ALIGN (0x4)
                0x2000100c                PROVIDE (__preinit_array_start = .)
 *(.preinit_array)
                0x2000100c                PROVIDE (__preinit_array_end = .)
                0x2000100c                . = ALIGN (0x4)
                0x2000100c                PROVIDE (__init_array_start = .)
 *(SORT_BY_NAME(.init_array.*))
 *(.init_array)
 .init_array    0x2000100c        0x4 c:/siliconlabs/simplicitystudio/v5/developer/toolchains/gnu_arm/12.2.rel1_2023.7/bin/../lib/gcc/arm-none-eabi/12.2.1/thumb/v7-m/nofp/crtbegin.o
                0x20001010                PROVIDE (__init_array_end = .)
                0x20001010                . = ALIGN (0x4)
                [!provide]                PROVIDE (__fini_array_start = .)
 *(SORT_BY_NAME(.fini_array.*))
 *(.fini_array)
 .fini_array    0x20001010        0x4 c:/siliconlabs/simplicitystudio/v5/developer/toolchains/gnu_arm/12.2.rel1_2023.7/bin/../lib/gcc/arm-none-eabi/12.2.1/thumb/v7-m/nofp/crtbegin.o
                [!provide]                PROVIDE (__fini_array_end = .)
                0x20001014                . = ALIGN (0x4)
                0x20001014                __data_end__ = .

.tm_clone_table
                0x20001014        0x0 load address 0x00000f38
 .tm_clone_table
                0x20001014        0x0 c:/siliconlabs/simplicitystudio/v5/developer/toolchains/gnu_arm/12.2.rel1_2023.7/bin/../lib/gcc/arm-none-eabi/12.2.1/thumb/v7-m/nofp/crtbegin.o
 .tm_clone_table
                0x20001014        0x0 c:/siliconlabs/simplicitystudio/v5/developer/toolchains/gnu_arm/12.2.rel1_2023.7/bin/../lib/gcc/arm-none-eabi/12.2.1/thumb/v7-m/nofp/crtend.o

.igot.plt       0x20001014        0x0 load address 0x00000f38
 .igot.plt      0x20001014        0x0 c:/siliconlabs/simplicitystudio/v5/developer/toolchains/gnu_arm/12.2.rel1_2023.7/bin/../lib/gcc/arm-none-eabi/12.2.1/thumb/v7-m/nofp/crtbegin.o

.bss            0x20001014       0x20 load address 0x00000f38
                0x20001014                . = ALIGN (0x4)
                0x20001014                __bss_start__ = .
 *(SORT_BY_ALIGNMENT(.bss*))
 .bss.object.0  0x20001014       0x18 c:/siliconlabs/simplicitystudio/v5/developer/toolchains/gnu_arm/12.2.rel1_2023.7/bin/../lib/gcc/arm-none-eabi/12.2.1/thumb/v7-m/nofp/crtbegin.o
 .bss.__stdio_exit_handler
                0x2000102c        0x4 c:/siliconlabs/simplicitystudio/v5/developer/toolchains/gnu_arm/12.2.rel1_2023.7/bin/../lib/gcc/arm-none-eabi/12.2.1/thumb/v7-m/nofp\libc_nano.a(libc_a-findfp.o)
                0x2000102c                __stdio_exit_handler
 .bss.completed.1
                0x20001030        0x1 c:/siliconlabs/simplicitystudio/v5/developer/toolchains/gnu_arm/12.2.rel1_2023.7/bin/../lib/gcc/arm-none-eabi/12.2.1/thumb/v7-m/nofp/crtbegin.o
 .bss.toggle.0  0x20001031        0x1 ./main.o
 *(COMMON)
                0x20001034                . = ALIGN (0x4)
 *fill*         0x20001032        0x2 
                0x20001034                __bss_end__ = .
                0x20001034                __ramfuncs_start__ = .
                0x20001034                __vma_ramfuncs_start__ = .
                0x00000f38                __lma_ramfuncs_start__ = (__etext + SIZEOF (.data))
                0x00000000                __text_application_ram_offset__ = (. - __vma_ramfuncs_start__)

text_application_ram
                0x20001034        0x0 load address 0x00000f38
                0x20001034                . = ALIGN (0x4)
                0x20001034                __text_application_ram_start__ = .
 *(text_application_ram)
                0x20001034                . = ALIGN (0x4)
                0x20001034                __text_application_ram_end__ = .
                0x20001034                . = ALIGN (0x4)
                0x20001034                __vma_ramfuncs_end__ = .
                0x00000f38                __lma_ramfuncs_end__ = ((__lma_ramfuncs_start__ + __text_application_ram_offset__) + SIZEOF (text_application_ram))
                0x20001034                __ramfuncs_end__ = .

.heap           0x20001038      0x800
                0x20001038                __HeapBase = .
                0x20001038                __end__ = .
                0x20001038                end = __end__
                0x20001038                _end = __end__
 *(.heap*)
 .heap          0x20001038      0x800 ./gecko_sdk_4.4.5/platform/common/toolchain/src/sl_memory.o
                0x20008000                __HeapLimit = (ORIGIN (RAM) + LENGTH (RAM))
                0x00006fc8                __heap_size = (__HeapLimit - __HeapBase)
                0x20008000                __ram_end__ = 0x20008000
                0x00040000                __main_flash_end__ = 0x40000

.internal_storage
 *(.internal_storage*)

.nvm
 *(.simee*)
                0x00040000                linker_nvm_end = __main_flash_end__
                0x00040000                linker_nvm_begin = (linker_nvm_end - SIZEOF (.nvm))
                0x00000000                linker_nvm_size = SIZEOF (.nvm)
                0x00040000                linker_storage_end = linker_nvm_begin
                0x00040000                __nvm3Base = linker_nvm_begin
                0x00040000                linker_storage_begin = (linker_storage_end - SIZEOF (.internal_storage))
                0x00000000                linker_storage_size = SIZEOF (.internal_storage)
                0x00000001                ASSERT ((linker_storage_begin >= (__etext + SIZEOF (.data))), FLASH memory overflowed !)
OUTPUT(efm32 project.axf elf32-littlearm)
LOAD linker stubs

.ARM.attributes
                0x00000000       0x29
 .ARM.attributes
                0x00000000       0x1d c:/siliconlabs/simplicitystudio/v5/developer/toolchains/gnu_arm/12.2.rel1_2023.7/bin/../lib/gcc/arm-none-eabi/12.2.1/thumb/v7-m/nofp/crti.o
 .ARM.attributes
                0x0000001d       0x2d c:/siliconlabs/simplicitystudio/v5/developer/toolchains/gnu_arm/12.2.rel1_2023.7/bin/../lib/gcc/arm-none-eabi/12.2.1/thumb/v7-m/nofp/crtbegin.o
 .ARM.attributes
                0x0000004a       0x1b c:/siliconlabs/simplicitystudio/v5/developer/toolchains/gnu_arm/12.2.rel1_2023.7/bin/../lib/gcc/arm-none-eabi/12.2.1/thumb/v7-m/nofp/crt0.o
 .ARM.attributes
                0x00000065       0x2d ./main.o
 .ARM.attributes
                0x00000092       0x2d ./gecko_sdk_4.4.5/platform/Device/SiliconLabs/EFM32LG/Source/startup_efm32lg.o
 .ARM.attributes
                0x000000bf       0x2d ./gecko_sdk_4.4.5/platform/Device/SiliconLabs/EFM32LG/Source/system_efm32lg.o
 .ARM.attributes
                0x000000ec       0x2d ./gecko_sdk_4.4.5/platform/common/src/sl_assert.o
 .ARM.attributes
                0x00000119       0x2d ./gecko_sdk_4.4.5/platform/common/src/sl_syscalls.o
 .ARM.attributes
                0x00000146       0x2d ./gecko_sdk_4.4.5/platform/common/toolchain/src/sl_memory.o
 .ARM.attributes
                0x00000173       0x2d ./gecko_sdk_4.4.5/platform/emlib/inc/em_dac.o
 .ARM.attributes
                0x000001a0       0x2d ./gecko_sdk_4.4.5/platform/emlib/inc/em_timer.o
 .ARM.attributes
                0x000001cd       0x2d ./gecko_sdk_4.4.5/platform/emlib/src/em_cmu.o
 .ARM.attributes
                0x000001fa       0x2d ./gecko_sdk_4.4.5/platform/emlib/src/em_system.o
 .ARM.attributes
                0x00000227       0x2d c:/siliconlabs/simplicitystudio/v5/developer/toolchains/gnu_arm/12.2.rel1_2023.7/bin/../lib/gcc/arm-none-eabi/12.2.1/thumb/v7-m/nofp\libc_nano.a(libc_a-exit.o)
 .ARM.attributes
                0x00000254       0x2d c:/siliconlabs/simplicitystudio/v5/developer/toolchains/gnu_arm/12.2.rel1_2023.7/bin/../lib/gcc/arm-none-eabi/12.2.1/thumb/v7-m/nofp\libc_nano.a(libc_a-findfp.o)
 .ARM.attributes
                0x00000281       0x2d c:/siliconlabs/simplicitystudio/v5/developer/toolchains/gnu_arm/12.2.rel1_2023.7/bin/../lib/gcc/arm-none-eabi/12.2.1/thumb/v7-m/nofp\libc_nano.a(libc_a-memset.o)
 .ARM.attributes
                0x000002ae       0x2d c:/siliconlabs/simplicitystudio/v5/developer/toolchains/gnu_arm/12.2.rel1_2023.7/bin/../lib/gcc/arm-none-eabi/12.2.1/thumb/v7-m/nofp\libc_nano.a(libc_a-init.o)
 .ARM.attributes
                0x000002db       0x2d c:/siliconlabs/simplicitystudio/v5/developer/toolchains/gnu_arm/12.2.rel1_2023.7/bin/../lib/gcc/arm-none-eabi/12.2.1/thumb/v7-m/nofp/crtend.o
 .ARM.attributes
                0x00000308       0x1d c:/siliconlabs/simplicitystudio/v5/developer/toolchains/gnu_arm/12.2.rel1_2023.7/bin/../lib/gcc/arm-none-eabi/12.2.1/thumb/v7-m/nofp/crtn.o

.comment        0x00000000       0x45
 .comment       0x00000000       0x45 ./main.o
                                 0x46 (size before relaxing)
 .comment       0x00000045       0x46 ./gecko_sdk_4.4.5/platform/Device/SiliconLabs/EFM32LG/Source/startup_efm32lg.o
 .comment       0x00000045       0x46 ./gecko_sdk_4.4.5/platform/Device/SiliconLabs/EFM32LG/Source/system_efm32lg.o
 .comment       0x00000045       0x46 ./gecko_sdk_4.4.5/platform/common/src/sl_assert.o
 .comment       0x00000045       0x46 ./gecko_sdk_4.4.5/platform/common/src/sl_syscalls.o
 .comment       0x00000045       0x46 ./gecko_sdk_4.4.5/platform/common/toolchain/src/sl_memory.o
 .comment       0x00000045       0x46 ./gecko_sdk_4.4.5/platform/emlib/inc/em_dac.o
 .comment       0x00000045       0x46 ./gecko_sdk_4.4.5/platform/emlib/inc/em_timer.o
 .comment       0x00000045       0x46 ./gecko_sdk_4.4.5/platform/emlib/src/em_cmu.o
 .comment       0x00000045       0x46 ./gecko_sdk_4.4.5/platform/emlib/src/em_system.o

.debug_line_str
                0x00000000       0xdf
 .debug_line_str
                0x00000000       0xdf c:/siliconlabs/simplicitystudio/v5/developer/toolchains/gnu_arm/12.2.rel1_2023.7/bin/../lib/gcc/arm-none-eabi/12.2.1/thumb/v7-m/nofp/crt0.o

.debug_info     0x00000000     0x6ee9
 .debug_info    0x00000000     0x13bc ./main.o
 .debug_info    0x000013bc      0x321 ./gecko_sdk_4.4.5/platform/Device/SiliconLabs/EFM32LG/Source/startup_efm32lg.o
 .debug_info    0x000016dd      0x828 ./gecko_sdk_4.4.5/platform/Device/SiliconLabs/EFM32LG/Source/system_efm32lg.o
 .debug_info    0x00001f05       0x86 ./gecko_sdk_4.4.5/platform/common/src/sl_assert.o
 .debug_info    0x00001f8b      0x306 ./gecko_sdk_4.4.5/platform/common/src/sl_syscalls.o
 .debug_info    0x00002291      0x205 ./gecko_sdk_4.4.5/platform/common/toolchain/src/sl_memory.o
 .debug_info    0x00002496      0xc15 ./gecko_sdk_4.4.5/platform/emlib/inc/em_dac.o
 .debug_info    0x000030ab      0xbf7 ./gecko_sdk_4.4.5/platform/emlib/inc/em_timer.o
 .debug_info    0x00003ca2     0x2bc8 ./gecko_sdk_4.4.5/platform/emlib/src/em_cmu.o
 .debug_info    0x0000686a      0x67f ./gecko_sdk_4.4.5/platform/emlib/src/em_system.o

.debug_abbrev   0x00000000     0x1677
 .debug_abbrev  0x00000000      0x31e ./main.o
 .debug_abbrev  0x0000031e      0x1c8 ./gecko_sdk_4.4.5/platform/Device/SiliconLabs/EFM32LG/Source/startup_efm32lg.o
 .debug_abbrev  0x000004e6      0x246 ./gecko_sdk_4.4.5/platform/Device/SiliconLabs/EFM32LG/Source/system_efm32lg.o
 .debug_abbrev  0x0000072c       0x6c ./gecko_sdk_4.4.5/platform/common/src/sl_assert.o
 .debug_abbrev  0x00000798      0x143 ./gecko_sdk_4.4.5/platform/common/src/sl_syscalls.o
 .debug_abbrev  0x000008db      0x11e ./gecko_sdk_4.4.5/platform/common/toolchain/src/sl_memory.o
 .debug_abbrev  0x000009f9      0x2d8 ./gecko_sdk_4.4.5/platform/emlib/inc/em_dac.o
 .debug_abbrev  0x00000cd1      0x248 ./gecko_sdk_4.4.5/platform/emlib/inc/em_timer.o
 .debug_abbrev  0x00000f19      0x4e4 ./gecko_sdk_4.4.5/platform/emlib/src/em_cmu.o
 .debug_abbrev  0x000013fd      0x27a ./gecko_sdk_4.4.5/platform/emlib/src/em_system.o

.debug_loc      0x00000000     0x3933
 .debug_loc     0x00000000      0x167 ./main.o
 .debug_loc     0x00000167       0x8e ./gecko_sdk_4.4.5/platform/Device/SiliconLabs/EFM32LG/Source/startup_efm32lg.o
 .debug_loc     0x000001f5       0xae ./gecko_sdk_4.4.5/platform/Device/SiliconLabs/EFM32LG/Source/system_efm32lg.o
 .debug_loc     0x000002a3       0x2a ./gecko_sdk_4.4.5/platform/common/src/sl_assert.o
 .debug_loc     0x000002cd      0x118 ./gecko_sdk_4.4.5/platform/common/src/sl_syscalls.o
 .debug_loc     0x000003e5       0xa9 ./gecko_sdk_4.4.5/platform/common/toolchain/src/sl_memory.o
 .debug_loc     0x0000048e      0x635 ./gecko_sdk_4.4.5/platform/emlib/inc/em_dac.o
 .debug_loc     0x00000ac3      0x3b8 ./gecko_sdk_4.4.5/platform/emlib/inc/em_timer.o
 .debug_loc     0x00000e7b     0x2939 ./gecko_sdk_4.4.5/platform/emlib/src/em_cmu.o
 .debug_loc     0x000037b4      0x17f ./gecko_sdk_4.4.5/platform/emlib/src/em_system.o

.debug_aranges  0x00000000      0x400
 .debug_aranges
                0x00000000       0x38 ./main.o
 .debug_aranges
                0x00000038       0x28 ./gecko_sdk_4.4.5/platform/Device/SiliconLabs/EFM32LG/Source/startup_efm32lg.o
 .debug_aranges
                0x00000060       0x68 ./gecko_sdk_4.4.5/platform/Device/SiliconLabs/EFM32LG/Source/system_efm32lg.o
 .debug_aranges
                0x000000c8       0x20 ./gecko_sdk_4.4.5/platform/common/src/sl_assert.o
 .debug_aranges
                0x000000e8       0x68 ./gecko_sdk_4.4.5/platform/common/src/sl_syscalls.o
 .debug_aranges
                0x00000150       0x30 ./gecko_sdk_4.4.5/platform/common/toolchain/src/sl_memory.o
 .debug_aranges
                0x00000180       0x48 ./gecko_sdk_4.4.5/platform/emlib/inc/em_dac.o
 .debug_aranges
                0x000001c8       0x40 ./gecko_sdk_4.4.5/platform/emlib/inc/em_timer.o
 .debug_aranges
                0x00000208      0x180 ./gecko_sdk_4.4.5/platform/emlib/src/em_cmu.o
 .debug_aranges
                0x00000388       0x78 ./gecko_sdk_4.4.5/platform/emlib/src/em_system.o

.debug_ranges   0x00000000      0x660
 .debug_ranges  0x00000000       0x70 ./main.o
 .debug_ranges  0x00000070       0x80 ./gecko_sdk_4.4.5/platform/Device/SiliconLabs/EFM32LG/Source/startup_efm32lg.o
 .debug_ranges  0x000000f0       0x88 ./gecko_sdk_4.4.5/platform/Device/SiliconLabs/EFM32LG/Source/system_efm32lg.o
 .debug_ranges  0x00000178       0x10 ./gecko_sdk_4.4.5/platform/common/src/sl_assert.o
 .debug_ranges  0x00000188       0x58 ./gecko_sdk_4.4.5/platform/common/src/sl_syscalls.o
 .debug_ranges  0x000001e0       0x20 ./gecko_sdk_4.4.5/platform/common/toolchain/src/sl_memory.o
 .debug_ranges  0x00000200       0x38 ./gecko_sdk_4.4.5/platform/emlib/inc/em_dac.o
 .debug_ranges  0x00000238       0xc0 ./gecko_sdk_4.4.5/platform/emlib/inc/em_timer.o
 .debug_ranges  0x000002f8      0x300 ./gecko_sdk_4.4.5/platform/emlib/src/em_cmu.o
 .debug_ranges  0x000005f8       0x68 ./gecko_sdk_4.4.5/platform/emlib/src/em_system.o

.debug_line     0x00000000     0x3fa4
 .debug_line    0x00000000      0x50b ./main.o
 .debug_line    0x0000050b      0x2e8 ./gecko_sdk_4.4.5/platform/Device/SiliconLabs/EFM32LG/Source/startup_efm32lg.o
 .debug_line    0x000007f3      0x459 ./gecko_sdk_4.4.5/platform/Device/SiliconLabs/EFM32LG/Source/system_efm32lg.o
 .debug_line    0x00000c4c       0xa0 ./gecko_sdk_4.4.5/platform/common/src/sl_assert.o
 .debug_line    0x00000cec      0x1a0 ./gecko_sdk_4.4.5/platform/common/src/sl_syscalls.o
 .debug_line    0x00000e8c      0x2e8 ./gecko_sdk_4.4.5/platform/common/toolchain/src/sl_memory.o
 .debug_line    0x00001174      0x5c8 ./gecko_sdk_4.4.5/platform/emlib/inc/em_dac.o
 .debug_line    0x0000173c      0x65d ./gecko_sdk_4.4.5/platform/emlib/inc/em_timer.o
 .debug_line    0x00001d99     0x1d2e ./gecko_sdk_4.4.5/platform/emlib/src/em_cmu.o
 .debug_line    0x00003ac7      0x4dd ./gecko_sdk_4.4.5/platform/emlib/src/em_system.o

.debug_str      0x00000000     0x2755
 .debug_str     0x00000000      0xda0 ./main.o
                                0xe1d (size before relaxing)
 .debug_str     0x00000da0      0x160 ./gecko_sdk_4.4.5/platform/Device/SiliconLabs/EFM32LG/Source/startup_efm32lg.o
                                0x2fb (size before relaxing)
 .debug_str     0x00000f00      0x280 ./gecko_sdk_4.4.5/platform/Device/SiliconLabs/EFM32LG/Source/system_efm32lg.o
                                0x53b (size before relaxing)
 .debug_str     0x00001180       0x58 ./gecko_sdk_4.4.5/platform/common/src/sl_assert.o
                                0x163 (size before relaxing)
 .debug_str     0x000011d8       0xb4 ./gecko_sdk_4.4.5/platform/common/src/sl_syscalls.o
                                0x243 (size before relaxing)
 .debug_str     0x0000128c       0xfe ./gecko_sdk_4.4.5/platform/common/toolchain/src/sl_memory.o
                                0x29d (size before relaxing)
 .debug_str     0x0000138a      0x1ad ./gecko_sdk_4.4.5/platform/emlib/inc/em_dac.o
                                0x8d5 (size before relaxing)
 .debug_str     0x00001537      0x48a ./gecko_sdk_4.4.5/platform/emlib/inc/em_timer.o
                                0x943 (size before relaxing)
 .debug_str     0x000019c1      0xb79 ./gecko_sdk_4.4.5/platform/emlib/src/em_cmu.o
                               0x12cc (size before relaxing)
 .debug_str     0x0000253a      0x21b ./gecko_sdk_4.4.5/platform/emlib/src/em_system.o
                                0x72f (size before relaxing)

.debug_frame    0x00000000      0xb24
 .debug_frame   0x00000000       0x78 ./main.o
 .debug_frame   0x00000078       0x38 ./gecko_sdk_4.4.5/platform/Device/SiliconLabs/EFM32LG/Source/startup_efm32lg.o
 .debug_frame   0x000000b0       0xb8 ./gecko_sdk_4.4.5/platform/Device/SiliconLabs/EFM32LG/Source/system_efm32lg.o
 .debug_frame   0x00000168       0x20 ./gecko_sdk_4.4.5/platform/common/src/sl_assert.o
 .debug_frame   0x00000188       0xb0 ./gecko_sdk_4.4.5/platform/common/src/sl_syscalls.o
 .debug_frame   0x00000238       0x40 ./gecko_sdk_4.4.5/platform/common/toolchain/src/sl_memory.o
 .debug_frame   0x00000278       0xb4 ./gecko_sdk_4.4.5/platform/emlib/inc/em_dac.o
 .debug_frame   0x0000032c       0x8c ./gecko_sdk_4.4.5/platform/emlib/inc/em_timer.o
 .debug_frame   0x000003b8      0x4d4 ./gecko_sdk_4.4.5/platform/emlib/src/em_cmu.o
 .debug_frame   0x0000088c       0xe0 ./gecko_sdk_4.4.5/platform/emlib/src/em_system.o
 .debug_frame   0x0000096c       0x28 c:/siliconlabs/simplicitystudio/v5/developer/toolchains/gnu_arm/12.2.rel1_2023.7/bin/../lib/gcc/arm-none-eabi/12.2.1/thumb/v7-m/nofp\libc_nano.a(libc_a-exit.o)
 .debug_frame   0x00000994      0x144 c:/siliconlabs/simplicitystudio/v5/developer/toolchains/gnu_arm/12.2.rel1_2023.7/bin/../lib/gcc/arm-none-eabi/12.2.1/thumb/v7-m/nofp\libc_nano.a(libc_a-findfp.o)
 .debug_frame   0x00000ad8       0x20 c:/siliconlabs/simplicitystudio/v5/developer/toolchains/gnu_arm/12.2.rel1_2023.7/bin/../lib/gcc/arm-none-eabi/12.2.1/thumb/v7-m/nofp\libc_nano.a(libc_a-memset.o)
 .debug_frame   0x00000af8       0x2c c:/siliconlabs/simplicitystudio/v5/developer/toolchains/gnu_arm/12.2.rel1_2023.7/bin/../lib/gcc/arm-none-eabi/12.2.1/thumb/v7-m/nofp\libc_nano.a(libc_a-init.o)
